// Jest Snapshot v1, https://goo.gl/fbAQLP

exports[`ProductCard deve renderizar corretamente e bater o snapshot 1`] = `
<div>
  <div
    class="border rounded-xl p-4 shadow-sm space-y-2"
  >
    <img
      alt="Notebook Gamer"
      class="w-full h-40 object-cover rounded"
      src="https://picsum.photos/300/200"
    />
    <h2
      class="text-lg font-semibold"
    >
      Notebook Gamer
    </h2>
    <p
      class="text-sm text-gray-500"
    >
      Eletr√¥nicos
    </p>
    <p
      class="text-sm"
    >
      Um notebook potente para jogos.
    </p>
    <p
      class="font-bold"
    >
      R$ 
      4500.00
    </p>
  </div>
</div>
`;
